// Jest Snapshot v1, https://goo.gl/fbAQLP

exports[`Signin component Snapshot test renders component correctly 1`] = `ShallowWrapper {}`;
