// Jest Snapshot v1, https://goo.gl/fbAQLP

exports[`test the MainBrand Snapshot test renders component correctly 1`] = `ShallowWrapper {}`;
