// Jest Snapshot v1, https://goo.gl/fbAQLP

exports[`Before Login test  Snapshot test renders component correctly 1`] = `ShallowWrapper {}`;
