// Jest Snapshot v1, https://goo.gl/fbAQLP

exports[`Test the the Suggested artist page  test the  a snapshot test the snapshot  1`] = `ShallowWrapper {}`;
