// Jest Snapshot v1, https://goo.gl/fbAQLP

exports[`artist snapshot test renders correctly 1`] = `ShallowWrapper {}`;
