// Jest Snapshot v1, https://goo.gl/fbAQLP

exports[`Name of the group snapshot test renders component correctly 1`] = `ReactWrapper {}`;
