// Jest Snapshot v1, https://goo.gl/fbAQLP

exports[`Genre Card Component snapshot test renders component correctly 1`] = `ReactWrapper {}`;
