// Jest Snapshot v1, https://goo.gl/fbAQLP

exports[`RecentSearch Card component snapshot test renders component correctly 1`] = `ReactWrapper {}`;
