// Jest Snapshot v1, https://goo.gl/fbAQLP

exports[`StatisticsCard page Component snapshot test renders correctly 1`] = `
Array [
  <h5
    className="item-name"
    data-testid="item-name"
  >
    Hemdan
  </h5>,
  <img
    alt="song"
    className="card"
    data-testid="item-image"
    src="Hemdan"
  />,
  <div
    className="statistics-data"
    data-testid="statistics-data-container"
  >
    <h5
      data-testid="listeners"
    >
      Listeners : 
      <span
        className="stat-number"
      >
        1521
      </span>
    </h5>
    <h5
      data-testid="likes"
    >
      Likes : 
      <span
        className="stat-number"
      >
        1521
      </span>
    </h5>
    <h5
      data-testid="listeners-per-day"
    >
      Listeners per day : 
      <span
        className="stat-number"
      >
        1521
      </span>
    </h5>
    <h5
      data-testid="listeners-per-week"
    >
      Listeners per week : 
      <span
        className="stat-number"
      >
        1521
      </span>
    </h5>
    <h5
      data-testid="listeners-per-month"
    >
      Listeners per month : 
      <span
        className="stat-number"
      >
        1521
      </span>
    </h5>
    <h5
      data-testid="likes-per-day"
    >
      Likes per day : 
      <span
        className="stat-number"
      >
        1521
      </span>
    </h5>
    <h5
      data-testid="likes-per-week"
    >
      Likes per week : 
      <span
        className="stat-number"
      >
        1521
      </span>
    </h5>
    <h5
      data-testid="likes-per-month"
    >
      Likes per month : 
      <span
        className="stat-number"
      >
        1521
      </span>
    </h5>
  </div>,
]
`;
