// Jest Snapshot v1, https://goo.gl/fbAQLP

exports[`Body page testing  render correctly text component 1`] = `ShallowWrapper {}`;
