// Jest Snapshot v1, https://goo.gl/fbAQLP

exports[`Web Player Component snapshot testing 1`] = `ShallowWrapper {}`;
