// Jest Snapshot v1, https://goo.gl/fbAQLP

exports[`HeaderBodyBottom component snapshot test renders correctly 1`] = `
<div
  class="playlistHeaderBodyBottom"
  data-testid="HeaderBodyBottom"
>
  <button
    className="playButton"
    data-testid="playButton"
    onClick={[Function]}
    variant="outline-success"
  >
    PAUSE
  </button>
  <button
    className="likeIcon"
    data-testid="likeIcon"
    onClick={[MockFunction]}
  >
    <i
      className="fa fa-heart"
    />
  </button>
  <p>
    <span
      className="gray-text"
      data-testid="releaseDate"
    >
      05-0
      <h2
        className="inline"
        data-testid="separatingDot"
      >
        .
      </h2>
    </span>
    <span
      className="gray-text"
      data-testid="songsNumber"
    >
      1
       
    </span>
    <span
      className="gray-text"
      data-testid="songsLiteral"
    >
      song
    </span>
  </p>
</div>
`;
