// Jest Snapshot v1, https://goo.gl/fbAQLP

exports[`Library Component snapshot test renders correctly 1`] = `
<div
  data-testid="empty"
/>
`;
