// Jest Snapshot v1, https://goo.gl/fbAQLP

exports[`test the ForgotPassword Snapshot test renders component correctly 1`] = `ShallowWrapper {}`;
