// Jest Snapshot v1, https://goo.gl/fbAQLP

exports[`test for restpassword  Snapshot test renders component correctly 1`] = `ShallowWrapper {}`;
