// Jest Snapshot v1, https://goo.gl/fbAQLP

exports[`Music Item component snapshot test renders component correctly 1`] = `ShallowWrapper {}`;
