// Jest Snapshot v1, https://goo.gl/fbAQLP

exports[`Recent Search snapshot test renders component correctly 1`] = `null`;
