// Jest Snapshot v1, https://goo.gl/fbAQLP

exports[`Browse all header component snapshot test renders component correctly 1`] = `ShallowWrapper {}`;
